// Jest Snapshot v1, https://goo.gl/fbAQLP

exports[`performs snapshot testing 1`] = `null`;
