// Jest Snapshot v1, https://goo.gl/fbAQLP

exports[`performs snapshot testing 1`] = `
<button
  className="flex items-center undefined undefined rounded-lg undefined undefined"
/>
`;
